// Jest Snapshot v1, https://goo.gl/fbAQLP

exports[`HomePage renders homepage 1`] = `
<div>
  <div
    class="relative p-16 rounded-lg bg-slate-300 text-center px-32"
  >
    <h1
      class="text-3xl font-bold text-black font-serif"
    >
      Welcome to
    </h1>
    <span
      class="inline-flex items-center justify-center text-gray-800 bg-yellow-400 rounded-full w-10 h-10 mr-1"
    >
      fab
    </span>
    HOTELS
  </div>
</div>
`;
